<?php return array (
  0 => 'Symfony\\Bundle\\FrameworkBundle\\Controller\\AbstractController',
  1 => 'App\\Controller\\Admin\\AdminController',
  2 => 'App\\Controller\\Admin\\CategoryController',
  3 => 'App\\Controller\\Admin\\CommentController',
  4 => 'App\\Controller\\Admin\\EvController',
  5 => 'App\\Controller\\Admin\\HomesController',
  6 => 'App\\Controller\\Admin\\ImageController',
  7 => 'App\\Controller\\Admin\\MessagesController',
  8 => 'App\\Controller\\Admin\\ReservationController',
  9 => 'App\\Controller\\Admin\\SettingController',
  10 => 'App\\Controller\\Admin\\UserController',
  11 => 'App\\Controller\\EvController',
  12 => 'App\\Controller\\HomeController',
  13 => 'App\\Controller\\ImageController',
  14 => 'App\\Controller\\RegistrationController',
  15 => 'App\\Controller\\SampleController',
  16 => 'App\\Controller\\SecurityController',
  17 => 'App\\Controller\\UserController',
  18 => 'App\\Entity\\Admin\\Comment',
  19 => 'App\\Entity\\Admin\\Homes',
  20 => 'App\\Entity\\Admin\\Messages',
  21 => 'App\\Entity\\Admin\\Reservation',
  22 => 'App\\Entity\\Category',
  23 => 'App\\Entity\\Ev',
  24 => 'App\\Entity\\Image',
  25 => 'App\\Entity\\Setting',
  26 => 'App\\Entity\\User',
  27 => 'Doctrine\\Bundle\\DoctrineBundle\\Controller\\ProfilerController',
  28 => 'Doctrine\\ORM\\Cache\\Persister\\Entity\\AbstractEntityPersister',
  29 => 'Doctrine\\ORM\\Cache\\Persister\\Entity\\CachedEntityPersister',
  30 => 'Doctrine\\ORM\\Cache\\Persister\\Entity\\NonStrictReadWriteCachedEntityPersister',
  31 => 'Doctrine\\ORM\\Cache\\Persister\\Entity\\ReadOnlyCachedEntityPersister',
  32 => 'Doctrine\\ORM\\Cache\\Persister\\Entity\\ReadWriteCachedEntityPersister',
  33 => 'Doctrine\\ORM\\Persisters\\Entity\\AbstractEntityInheritancePersister',
  34 => 'Doctrine\\ORM\\Persisters\\Entity\\BasicEntityPersister',
  35 => 'Doctrine\\ORM\\Persisters\\Entity\\CachedPersisterContext',
  36 => 'Doctrine\\ORM\\Persisters\\Entity\\EntityPersister',
  37 => 'Doctrine\\ORM\\Persisters\\Entity\\JoinedSubclassPersister',
  38 => 'Doctrine\\ORM\\Persisters\\Entity\\SingleTablePersister',
  40 => 'Symfony\\Bundle\\FrameworkBundle\\Controller\\ControllerResolver',
  41 => 'Symfony\\Bundle\\FrameworkBundle\\Controller\\RedirectController',
  42 => 'Symfony\\Bundle\\FrameworkBundle\\Controller\\TemplateController',
  43 => 'Symfony\\Bundle\\WebProfilerBundle\\Controller\\ExceptionPanelController',
  44 => 'Symfony\\Bundle\\WebProfilerBundle\\Controller\\ProfilerController',
  45 => 'Symfony\\Bundle\\WebProfilerBundle\\Controller\\RouterController',
  46 => 'Symfony\\Component\\HttpKernel\\Controller\\ArgumentResolver',
  47 => 'Symfony\\Component\\HttpKernel\\Controller\\ArgumentResolverInterface',
  48 => 'Symfony\\Component\\HttpKernel\\Controller\\ArgumentResolver\\DefaultValueResolver',
  49 => 'Symfony\\Component\\HttpKernel\\Controller\\ArgumentResolver\\NotTaggedControllerValueResolver',
  50 => 'Symfony\\Component\\HttpKernel\\Controller\\ArgumentResolver\\RequestAttributeValueResolver',
  51 => 'Symfony\\Component\\HttpKernel\\Controller\\ArgumentResolver\\RequestValueResolver',
  52 => 'Symfony\\Component\\HttpKernel\\Controller\\ArgumentResolver\\ServiceValueResolver',
  53 => 'Symfony\\Component\\HttpKernel\\Controller\\ArgumentResolver\\SessionValueResolver',
  54 => 'Symfony\\Component\\HttpKernel\\Controller\\ArgumentResolver\\TraceableValueResolver',
  55 => 'Symfony\\Component\\HttpKernel\\Controller\\ArgumentResolver\\VariadicValueResolver',
  56 => 'Symfony\\Component\\HttpKernel\\Controller\\ArgumentValueResolverInterface',
  57 => 'Symfony\\Component\\HttpKernel\\Controller\\ContainerControllerResolver',
  58 => 'Symfony\\Component\\HttpKernel\\Controller\\ControllerReference',
  59 => 'Symfony\\Component\\HttpKernel\\Controller\\ControllerResolver',
  60 => 'Symfony\\Component\\HttpKernel\\Controller\\ControllerResolverInterface',
  61 => 'Symfony\\Component\\HttpKernel\\Controller\\ErrorController',
  62 => 'Symfony\\Component\\HttpKernel\\Controller\\TraceableArgumentResolver',
  63 => 'Symfony\\Component\\HttpKernel\\Controller\\TraceableControllerResolver',
  64 => 'Symfony\\Component\\Security\\Http\\Controller\\UserValueResolver',
);